[cupomdavezoficial.shop/index.html]
[cupomdavezoficial.shop/2-2/index.html]
[cupomdavezoficial.shop/3-2/index.html]
[cupomdavezoficial.shop/4-2/index.html]
[cupomdavezoficial.shop/7-2/index.html]
[backblue.gif]
[fade.gif]
[index.html]
[cupomdavezoficial.shop/5-2/index.html]
[cupomdavezoficial.shop/6-2/index.html]
[cupomdavezoficial.shop/feed/index.html]
[cupomdavezoficial.shop/comments/feed/index.html]
[cupomdavezoficial.shop/wp-content/plugins/elementor/assets/lib/font-awesome/js/v4-shims.min1f75.js]
[cupomdavezoficial.shop/wp-includes/js/jquery/jquery.minf43b.js]
[cupomdavezoficial.shop/wp-includes/js/jquery/jquery-migrate.min5589.js]
[cupomdavezoficial.shop/wp-json/index.html]
[cupomdavezoficial.shop/wp-json/wp/v2/pages/15.json]
[cupomdavezoficial.shop/xmlrpc0db0.php]
[cupomdavezoficial.shop/wp-json/oembed/1.0/embed8a0b.json]
[cupomdavezoficial.shop/wp-json/oembed/1.0/embed428f]
[cupomdavezoficial.shop/wp-content/themes/twentytwentyfour/assets/fonts/inter/Inter-VariableFont_slnt,wght.woff2]
[cupomdavezoficial.shop/wp-content/themes/twentytwentyfour/assets/fonts/cardo/cardo_normal_400.woff2]
[cupomdavezoficial.shop/wp-content/themes/twentytwentyfour/assets/fonts/cardo/cardo_italic_400.woff2]
[cupomdavezoficial.shop/wp-content/themes/twentytwentyfour/assets/fonts/cardo/cardo_normal_700.woff2]
[cupomdavezoficial.shop/wp-content/uploads/2024/04/logo2-e1713735154134-150x150.png]
[cupomdavezoficial.shop/wp-content/uploads/2024/04/logo2-e1713735154134.png]
[cupomdavezoficial.shop/wp-content/plugins/happy-elementor-addons/assets/js/happy-addons.min651e.js]
[cupomdavezoficial.shop/wp-content/plugins/elementor-pro/assets/js/webpack-pro.runtime.min5d63.js]
[cupomdavezoficial.shop/wp-content/plugins/elementor/assets/js/webpack.runtime.min1f75.js]
[cupomdavezoficial.shop/wp-content/plugins/elementor/assets/js/frontend-modules.min1f75.js]
[cupomdavezoficial.shop/wp-includes/js/dist/vendor/wp-polyfill-inert.min0226.js]
[cupomdavezoficial.shop/wp-includes/js/dist/vendor/regenerator-runtime.min6c85.js]
[cupomdavezoficial.shop/wp-includes/js/dist/vendor/wp-polyfill.min2c7c.js]
[cupomdavezoficial.shop/wp-includes/js/dist/hooks.min2757.js]
[cupomdavezoficial.shop/wp-includes/js/dist/i18n.minc33c.js]
[cupomdavezoficial.shop/wp-content/plugins/elementor-pro/assets/js/frontend.min5d63.js]
[cupomdavezoficial.shop/wp-content/plugins/elementor/assets/lib/waypoints/waypoints.min05da.js]
[cupomdavezoficial.shop/wp-includes/js/jquery/ui/core.min3f14.js]
[cupomdavezoficial.shop/wp-content/plugins/elementor/assets/js/frontend.min1f75.js]
[cupomdavezoficial.shop/wp-content/plugins/elementor-pro/assets/js/elements-handlers.min5d63.js]
[cupomdavezoficial.shop/index.html]
[cupomdavezoficial.shop/wp-json/wp/v2/pages/37.json]
[cupomdavezoficial.shop/wp-json/oembed/1.0/embed36c9.json]
[cupomdavezoficial.shop/wp-json/oembed/1.0/embed010a]
[cupomdavezoficial.shop/wp-content/uploads/2024/04/logo2-Copia-1024x244.png]
[cupomdavezoficial.shop/2-2/index.html]
[cupomdavezoficial.shop/wp-json/wp/v2/pages/73.json]
[cupomdavezoficial.shop/wp-json/oembed/1.0/embed2274.json]
[cupomdavezoficial.shop/wp-json/oembed/1.0/embededb8]
[cupomdavezoficial.shop/3-2/index.html]
[cupomdavezoficial.shop/wp-json/wp/v2/pages/81.json]
[cupomdavezoficial.shop/wp-json/oembed/1.0/embedd18d.json]
[cupomdavezoficial.shop/wp-json/oembed/1.0/embeda065]
[cupomdavezoficial.shop/wp-content/uploads/2024/04/Imagem-do-WhatsApp-de-2024-04-22-as-00.08.09_9a6eb521.jpg]
[cupomdavezoficial.shop/wp-content/uploads/2024/04/Som-de-dinheiro-Caixa-registradora.mp3]
[cupomdavezoficial.shop/wp-content/plugins/elementor/assets/lib/jquery-numerator/jquery-numerator.min3958.js]
[cupomdavezoficial.shop/4-2/index.html]
[cupomdavezoficial.shop/wp-json/wp/v2/pages/128.json]
[cupomdavezoficial.shop/wp-json/oembed/1.0/embede9a5.json]
[cupomdavezoficial.shop/wp-json/oembed/1.0/embed556a]
[cupomdavezoficial.shop/wp-content/uploads/2024/04/Imagem-do-WhatsApp-de-2024-04-22-as-00.17.37_875ae0cb.jpg]
[cupomdavezoficial.shop/5-2/index.html]
[cupomdavezoficial.shop/wp-json/wp/v2/pages/137.json]
[cupomdavezoficial.shop/wp-json/oembed/1.0/embedc0b6.json]
[cupomdavezoficial.shop/wp-json/oembed/1.0/embed0bd0]
[cupomdavezoficial.shop/wp-content/uploads/2024/04/Imagem-do-WhatsApp-de-2024-04-22-as-01.34.21_9bb985ae.jpg]
[cupomdavezoficial.shop/6-2/index.html]
[cupomdavezoficial.shop/wp-json/wp/v2/pages/149.json]
[cupomdavezoficial.shop/wp-json/oembed/1.0/embedd4df.json]
[cupomdavezoficial.shop/wp-json/oembed/1.0/embeda535]
[cupomdavezoficial.shop/wp-content/uploads/2024/04/IMG_8408.png]
[cupomdavezoficial.shop/7-2/index.html]
[cupomdavezoficial.shop/wp-content/plugins/elementor/assets/css/frontend-lite.min1f75.css]
[cupomdavezoficial.shop/wp-content/plugins/elementor/assets/lib/swiper/v8/css/swiper.min94a4.css]
[cupomdavezoficial.shop/wp-content/uploads/elementor/css/post-9b5a3.css]
[cupomdavezoficial.shop/wp-content/plugins/elementor-pro/assets/css/frontend-lite.min5d63.css]
[cupomdavezoficial.shop/wp-content/plugins/elementor/assets/lib/font-awesome/webfonts/fa-brands-400.eot]
[cupomdavezoficial.shop/wp-content/plugins/elementor/assets/lib/font-awesome/webfonts/fa-brands-400d41d.eot]
[cupomdavezoficial.shop/wp-content/plugins/elementor/assets/lib/font-awesome/webfonts/fa-brands-400.woff2]
[cupomdavezoficial.shop/wp-content/plugins/elementor/assets/lib/font-awesome/webfonts/fa-brands-400.woff]
[cupomdavezoficial.shop/wp-content/plugins/elementor/assets/lib/font-awesome/webfonts/fa-brands-400.ttf]
[cupomdavezoficial.shop/wp-content/plugins/elementor/assets/lib/font-awesome/webfonts/fa-regular-400.eot]
[cupomdavezoficial.shop/wp-content/plugins/elementor/assets/lib/font-awesome/webfonts/fa-regular-400d41d.eot]
[cupomdavezoficial.shop/wp-content/plugins/elementor/assets/lib/font-awesome/webfonts/fa-regular-400.woff2]
[cupomdavezoficial.shop/wp-content/plugins/elementor/assets/lib/font-awesome/webfonts/fa-regular-400.woff]
[cupomdavezoficial.shop/wp-content/plugins/elementor/assets/lib/font-awesome/webfonts/fa-regular-400.ttf]
[cupomdavezoficial.shop/wp-content/plugins/elementor/assets/lib/font-awesome/webfonts/fa-solid-900.eot]
[cupomdavezoficial.shop/wp-content/plugins/elementor/assets/lib/font-awesome/webfonts/fa-solid-900d41d.eot]
[cupomdavezoficial.shop/wp-content/plugins/elementor/assets/lib/font-awesome/webfonts/fa-solid-900.woff2]
[cupomdavezoficial.shop/wp-content/plugins/elementor/assets/lib/font-awesome/webfonts/fa-solid-900.woff]
[cupomdavezoficial.shop/wp-content/plugins/elementor/assets/lib/font-awesome/webfonts/fa-solid-900.ttf]
[cupomdavezoficial.shop/wp-content/plugins/elementor/assets/lib/font-awesome/css/all.min1f75.css]
[cupomdavezoficial.shop/wp-content/plugins/elementor/assets/lib/font-awesome/css/v4-shims.min1f75.css]
[cupomdavezoficial.shop/wp-content/uploads/elementor/css/global4577.css]
[cupomdavezoficial.shop/wp-content/uploads/elementor/css/post-1543ed.css]
[cupomdavezoficial.shop/wp-content/plugins/happy-elementor-addons/assets/fonts/happy-icons.woff2]
[cupomdavezoficial.shop/wp-content/plugins/happy-elementor-addons/assets/fonts/happy-icons.woff]
[cupomdavezoficial.shop/wp-content/plugins/happy-elementor-addons/assets/fonts/style.min651e.css]
[cupomdavezoficial.shop/wp-content/plugins/elementor/assets/lib/font-awesome/fonts/fontawesome-webfont3e6e.eot]
[cupomdavezoficial.shop/wp-content/plugins/elementor/assets/lib/font-awesome/fonts/fontawesome-webfontd41d.eot]
[cupomdavezoficial.shop/wp-content/plugins/elementor/assets/lib/font-awesome/fonts/fontawesome-webfont3e6e.woff2]
[cupomdavezoficial.shop/wp-content/plugins/elementor/assets/lib/font-awesome/fonts/fontawesome-webfont3e6e.woff]
[cupomdavezoficial.shop/wp-content/plugins/elementor/assets/lib/font-awesome/fonts/fontawesome-webfont3e6e.ttf]
[cupomdavezoficial.shop/wp-content/plugins/elementor/assets/lib/font-awesome/css/font-awesome.min1849.css]
[cupomdavezoficial.shop/wp-content/uploads/elementor/css/post-373920.css]
[cupomdavezoficial.shop/index4837.html]
[cupomdavezoficial.shop/wp-content/uploads/elementor/css/post-737ec8.css]
[cupomdavezoficial.shop/index8cae.html]
[cupomdavezoficial.shop/wp-content/uploads/elementor/css/post-811116.css]
[cupomdavezoficial.shop/index44d0.html]
[cupomdavezoficial.shop/wp-content/plugins/elementor/assets/css/widget-icon-list.min.css]
[cupomdavezoficial.shop/wp-content/uploads/elementor/css/post-128a181.css]
[cupomdavezoficial.shop/index913e.html]
[cupomdavezoficial.shop/wp-content/uploads/elementor/css/post-137324f.css]
[cupomdavezoficial.shop/index60d6.html]
[cupomdavezoficial.shop/wp-content/uploads/elementor/css/post-149585a.css]
[cupomdavezoficial.shop/index8bc8.html]
[cupomdavezoficial.shop/8/index.html]
[cupomdavezoficial.shop/wp-content/plugins/elementor/assets/lib/font-awesome/webfonts/fa-brands-400.svg]
[cupomdavezoficial.shop/wp-content/plugins/elementor/assets/lib/font-awesome/webfonts/fa-regular-400.svg]
[cupomdavezoficial.shop/wp-content/plugins/elementor/assets/lib/font-awesome/webfonts/fa-solid-900.svg]
[cupomdavezoficial.shop/8-2/index.html]
[cupomdavezoficial.shop/wp-content/plugins/happy-elementor-addons/assets/fonts/happy-icons.svg]
[cupomdavezoficial.shop/wp-content/plugins/elementor/assets/lib/font-awesome/fonts/fontawesome-webfont3e6e.svg]
[cupomdavezoficial.shop/wp-json/wp/v2/pages/169.json]
[cupomdavezoficial.shop/wp-json/oembed/1.0/embed331a.json]
[cupomdavezoficial.shop/wp-json/oembed/1.0/embed8e98]
[images.converteai.net/c77f4acc-169a-4fc7-a060-edf9967612b1/players/6644350be1ce15000b96cf52/thumbnail.jpg]
[cupomdavezoficial.shop/8-2/index.html]
[cupomdavezoficial.shop/wp-content/uploads/elementor/css/post-1698f80.css]
[cupomdavezoficial.shop/indexff23.html]
[scripts.converteai.net/c77f4acc-169a-4fc7-a060-edf9967612b1/players/6644350be1ce15000b96cf52/player.js]
[cupomdavezoficial.shop/9/index.html]
[cupomdavezoficial.shop/9-2/index.html]
[cupomdavezoficial.shop/wp-json/wp/v2/pages/204.json]
[cupomdavezoficial.shop/wp-json/oembed/1.0/embed498c.json]
[cupomdavezoficial.shop/wp-json/oembed/1.0/embed74f2]
[cupomdavezoficial.shop/wp-content/uploads/2024/04/transferir-2.png]
[cupomdavezoficial.shop/9-2/index.html]
[cupomdavezoficial.shop/wp-content/uploads/elementor/css/post-204582b.css]
[cupomdavezoficial.shop/indexcb89.html]
[cupomdavezoficial.shop/wp-content/plugins/elementor/assets/lib/animations/animations.min1f75.css]
